// Jest Snapshot v1, https://goo.gl/fbAQLP

exports[`StockList renders correctly 1`] = `
<div
  className="list-main-container"
>
  <div
    className="list-heading-container"
  >
    <h1>
      NASDAQ Stocks
    </h1>
    <input
      onChange={[Function]}
      placeholder="Search with symbol..."
      type="text"
    />
  </div>
  <div
    className="list-container"
  />
</div>
`;
